Archive member included to satisfy reference by file (symbol)

c:/program files (x86)/atmel/studio/7.0/toolchain/avr8/avr8-gnu-toolchain/bin/../lib/gcc/avr/5.4.0/avr5\libgcc.a(_exit.o)
                              C:/Program Files (x86)/Atmel/Studio/7.0/Packs/atmel/ATmega_DFP/1.6.364/gcc/dev/atmega32/avr5/crtatmega32.o (exit)
c:/program files (x86)/atmel/studio/7.0/toolchain/avr8/avr8-gnu-toolchain/bin/../lib/gcc/avr/5.4.0/avr5\libgcc.a(_clear_bss.o)
                              APP/APP.o (__do_clear_bss)

Allocating common symbols
Common symbol       size              file

Normal_State        0x1               APP/APP.o

Discarded input sections

 .data          0x00000000        0x0 C:/Program Files (x86)/Atmel/Studio/7.0/Packs/atmel/ATmega_DFP/1.6.364/gcc/dev/atmega32/avr5/crtatmega32.o
 .bss           0x00000000        0x0 C:/Program Files (x86)/Atmel/Studio/7.0/Packs/atmel/ATmega_DFP/1.6.364/gcc/dev/atmega32/avr5/crtatmega32.o
 .text          0x00000000        0x0 APP/APP.o
 .data          0x00000000        0x0 APP/APP.o
 .bss           0x00000000        0x0 APP/APP.o
 .text          0x00000000        0x0 ECUAL/LED/LED.o
 .data          0x00000000        0x0 ECUAL/LED/LED.o
 .bss           0x00000000        0x0 ECUAL/LED/LED.o
 .text          0x00000000        0x0 ECUAL/PUSH_BUTTON/PUSH_BUTTON.o
 .data          0x00000000        0x0 ECUAL/PUSH_BUTTON/PUSH_BUTTON.o
 .bss           0x00000000        0x0 ECUAL/PUSH_BUTTON/PUSH_BUTTON.o
 .text.PUSH_BUTTON_READ
                0x00000000       0x1e ECUAL/PUSH_BUTTON/PUSH_BUTTON.o
 .text          0x00000000        0x0 main.o
 .data          0x00000000        0x0 main.o
 .bss           0x00000000        0x0 main.o
 .text          0x00000000        0x0 MCAL/DIO/DIO.o
 .data          0x00000000        0x0 MCAL/DIO/DIO.o
 .bss           0x00000000        0x0 MCAL/DIO/DIO.o
 .text.PIN_READ
                0x00000000       0xd8 MCAL/DIO/DIO.o
 .text          0x00000000        0x0 MCAL/EXT_INTERRUPT/EXT_INTERRUPT.o
 .data          0x00000000        0x0 MCAL/EXT_INTERRUPT/EXT_INTERRUPT.o
 .bss           0x00000000        0x0 MCAL/EXT_INTERRUPT/EXT_INTERRUPT.o
 .text          0x00000000        0x0 MCAL/TIMER/TIMER.o
 .data          0x00000000        0x0 MCAL/TIMER/TIMER.o
 .bss           0x00000000        0x0 MCAL/TIMER/TIMER.o
 .text.TIMER_0_INT_TOV
                0x00000000        0xe MCAL/TIMER/TIMER.o
 .text          0x00000000        0x0 c:/program files (x86)/atmel/studio/7.0/toolchain/avr8/avr8-gnu-toolchain/bin/../lib/gcc/avr/5.4.0/avr5\libgcc.a(_exit.o)
 .data          0x00000000        0x0 c:/program files (x86)/atmel/studio/7.0/toolchain/avr8/avr8-gnu-toolchain/bin/../lib/gcc/avr/5.4.0/avr5\libgcc.a(_exit.o)
 .bss           0x00000000        0x0 c:/program files (x86)/atmel/studio/7.0/toolchain/avr8/avr8-gnu-toolchain/bin/../lib/gcc/avr/5.4.0/avr5\libgcc.a(_exit.o)
 .text.libgcc.mul
                0x00000000        0x0 c:/program files (x86)/atmel/studio/7.0/toolchain/avr8/avr8-gnu-toolchain/bin/../lib/gcc/avr/5.4.0/avr5\libgcc.a(_exit.o)
 .text.libgcc.div
                0x00000000        0x0 c:/program files (x86)/atmel/studio/7.0/toolchain/avr8/avr8-gnu-toolchain/bin/../lib/gcc/avr/5.4.0/avr5\libgcc.a(_exit.o)
 .text.libgcc   0x00000000        0x0 c:/program files (x86)/atmel/studio/7.0/toolchain/avr8/avr8-gnu-toolchain/bin/../lib/gcc/avr/5.4.0/avr5\libgcc.a(_exit.o)
 .text.libgcc.prologue
                0x00000000        0x0 c:/program files (x86)/atmel/studio/7.0/toolchain/avr8/avr8-gnu-toolchain/bin/../lib/gcc/avr/5.4.0/avr5\libgcc.a(_exit.o)
 .text.libgcc.builtins
                0x00000000        0x0 c:/program files (x86)/atmel/studio/7.0/toolchain/avr8/avr8-gnu-toolchain/bin/../lib/gcc/avr/5.4.0/avr5\libgcc.a(_exit.o)
 .text.libgcc.fmul
                0x00000000        0x0 c:/program files (x86)/atmel/studio/7.0/toolchain/avr8/avr8-gnu-toolchain/bin/../lib/gcc/avr/5.4.0/avr5\libgcc.a(_exit.o)
 .text.libgcc.fixed
                0x00000000        0x0 c:/program files (x86)/atmel/studio/7.0/toolchain/avr8/avr8-gnu-toolchain/bin/../lib/gcc/avr/5.4.0/avr5\libgcc.a(_exit.o)
 .text          0x00000000        0x0 c:/program files (x86)/atmel/studio/7.0/toolchain/avr8/avr8-gnu-toolchain/bin/../lib/gcc/avr/5.4.0/avr5\libgcc.a(_clear_bss.o)
 .data          0x00000000        0x0 c:/program files (x86)/atmel/studio/7.0/toolchain/avr8/avr8-gnu-toolchain/bin/../lib/gcc/avr/5.4.0/avr5\libgcc.a(_clear_bss.o)
 .bss           0x00000000        0x0 c:/program files (x86)/atmel/studio/7.0/toolchain/avr8/avr8-gnu-toolchain/bin/../lib/gcc/avr/5.4.0/avr5\libgcc.a(_clear_bss.o)
 .text.libgcc.mul
                0x00000000        0x0 c:/program files (x86)/atmel/studio/7.0/toolchain/avr8/avr8-gnu-toolchain/bin/../lib/gcc/avr/5.4.0/avr5\libgcc.a(_clear_bss.o)
 .text.libgcc.div
                0x00000000        0x0 c:/program files (x86)/atmel/studio/7.0/toolchain/avr8/avr8-gnu-toolchain/bin/../lib/gcc/avr/5.4.0/avr5\libgcc.a(_clear_bss.o)
 .text.libgcc   0x00000000        0x0 c:/program files (x86)/atmel/studio/7.0/toolchain/avr8/avr8-gnu-toolchain/bin/../lib/gcc/avr/5.4.0/avr5\libgcc.a(_clear_bss.o)
 .text.libgcc.prologue
                0x00000000        0x0 c:/program files (x86)/atmel/studio/7.0/toolchain/avr8/avr8-gnu-toolchain/bin/../lib/gcc/avr/5.4.0/avr5\libgcc.a(_clear_bss.o)
 .text.libgcc.builtins
                0x00000000        0x0 c:/program files (x86)/atmel/studio/7.0/toolchain/avr8/avr8-gnu-toolchain/bin/../lib/gcc/avr/5.4.0/avr5\libgcc.a(_clear_bss.o)
 .text.libgcc.fmul
                0x00000000        0x0 c:/program files (x86)/atmel/studio/7.0/toolchain/avr8/avr8-gnu-toolchain/bin/../lib/gcc/avr/5.4.0/avr5\libgcc.a(_clear_bss.o)
 .text.libgcc.fixed
                0x00000000        0x0 c:/program files (x86)/atmel/studio/7.0/toolchain/avr8/avr8-gnu-toolchain/bin/../lib/gcc/avr/5.4.0/avr5\libgcc.a(_clear_bss.o)

Memory Configuration

Name             Origin             Length             Attributes
text             0x00000000         0x00008000         xr
data             0x00800060         0x00000800         rw !x
eeprom           0x00810000         0x00000400         rw !x
fuse             0x00820000         0x00000002         rw !x
lock             0x00830000         0x00000400         rw !x
signature        0x00840000         0x00000400         rw !x
user_signatures  0x00850000         0x00000400         rw !x
*default*        0x00000000         0xffffffff

Linker script and memory map

LOAD C:/Program Files (x86)/Atmel/Studio/7.0/Packs/atmel/ATmega_DFP/1.6.364/gcc/dev/atmega32/avr5/crtatmega32.o
LOAD APP/APP.o
LOAD ECUAL/LED/LED.o
LOAD ECUAL/PUSH_BUTTON/PUSH_BUTTON.o
LOAD main.o
LOAD MCAL/DIO/DIO.o
LOAD MCAL/EXT_INTERRUPT/EXT_INTERRUPT.o
LOAD MCAL/TIMER/TIMER.o
START GROUP
LOAD c:/program files (x86)/atmel/studio/7.0/toolchain/avr8/avr8-gnu-toolchain/bin/../lib/gcc/avr/5.4.0/../../../../avr/lib/avr5\libm.a
END GROUP
START GROUP
LOAD c:/program files (x86)/atmel/studio/7.0/toolchain/avr8/avr8-gnu-toolchain/bin/../lib/gcc/avr/5.4.0/avr5\libgcc.a
LOAD c:/program files (x86)/atmel/studio/7.0/toolchain/avr8/avr8-gnu-toolchain/bin/../lib/gcc/avr/5.4.0/../../../../avr/lib/avr5\libm.a
LOAD c:/program files (x86)/atmel/studio/7.0/toolchain/avr8/avr8-gnu-toolchain/bin/../lib/gcc/avr/5.4.0/../../../../avr/lib/avr5\libc.a
LOAD C:/Program Files (x86)/Atmel/Studio/7.0/Packs/atmel/ATmega_DFP/1.6.364/gcc/dev/atmega32/avr5\libatmega32.a
END GROUP
                0x00000000                __TEXT_REGION_ORIGIN__ = DEFINED (__TEXT_REGION_ORIGIN__)?__TEXT_REGION_ORIGIN__:0x0
                [0x00800060]                __DATA_REGION_ORIGIN__ = DEFINED (__DATA_REGION_ORIGIN__)?__DATA_REGION_ORIGIN__:0x800060
                [0x00008000]                __TEXT_REGION_LENGTH__ = DEFINED (__TEXT_REGION_LENGTH__)?__TEXT_REGION_LENGTH__:0x20000
                [0x00000800]                __DATA_REGION_LENGTH__ = DEFINED (__DATA_REGION_LENGTH__)?__DATA_REGION_LENGTH__:0xffa0
                [0x00000400]                __EEPROM_REGION_LENGTH__ = DEFINED (__EEPROM_REGION_LENGTH__)?__EEPROM_REGION_LENGTH__:0x10000
                [0x00000002]                __FUSE_REGION_LENGTH__ = DEFINED (__FUSE_REGION_LENGTH__)?__FUSE_REGION_LENGTH__:0x400
                0x00000400                __LOCK_REGION_LENGTH__ = DEFINED (__LOCK_REGION_LENGTH__)?__LOCK_REGION_LENGTH__:0x400
                0x00000400                __SIGNATURE_REGION_LENGTH__ = DEFINED (__SIGNATURE_REGION_LENGTH__)?__SIGNATURE_REGION_LENGTH__:0x400
                0x00000400                __USER_SIGNATURE_REGION_LENGTH__ = DEFINED (__USER_SIGNATURE_REGION_LENGTH__)?__USER_SIGNATURE_REGION_LENGTH__:0x400

.hash
 *(.hash)

.dynsym
 *(.dynsym)

.dynstr
 *(.dynstr)

.gnu.version
 *(.gnu.version)

.gnu.version_d
 *(.gnu.version_d)

.gnu.version_r
 *(.gnu.version_r)

.rel.init
 *(.rel.init)

.rela.init
 *(.rela.init)

.rel.text
 *(.rel.text)
 *(.rel.text.*)
 *(.rel.gnu.linkonce.t*)

.rela.text
 *(.rela.text)
 *(.rela.text.*)
 *(.rela.gnu.linkonce.t*)

.rel.fini
 *(.rel.fini)

.rela.fini
 *(.rela.fini)

.rel.rodata
 *(.rel.rodata)
 *(.rel.rodata.*)
 *(.rel.gnu.linkonce.r*)

.rela.rodata
 *(.rela.rodata)
 *(.rela.rodata.*)
 *(.rela.gnu.linkonce.r*)

.rel.data
 *(.rel.data)
 *(.rel.data.*)
 *(.rel.gnu.linkonce.d*)

.rela.data
 *(.rela.data)
 *(.rela.data.*)
 *(.rela.gnu.linkonce.d*)

.rel.ctors
 *(.rel.ctors)

.rela.ctors
 *(.rela.ctors)

.rel.dtors
 *(.rel.dtors)

.rela.dtors
 *(.rela.dtors)

.rel.got
 *(.rel.got)

.rela.got
 *(.rela.got)

.rel.bss
 *(.rel.bss)

.rela.bss
 *(.rela.bss)

.rel.plt
 *(.rel.plt)

.rela.plt
 *(.rela.plt)

.text           0x00000000      0x9f2
 *(.vectors)
 .vectors       0x00000000       0x54 C:/Program Files (x86)/Atmel/Studio/7.0/Packs/atmel/ATmega_DFP/1.6.364/gcc/dev/atmega32/avr5/crtatmega32.o
                0x00000000                __vector_default
                0x00000000                __vectors
 *(.vectors)
 *(.progmem.gcc*)
                0x00000054                . = ALIGN (0x2)
                0x00000054                __trampolines_start = .
 *(.trampolines)
 .trampolines   0x00000054        0x0 linker stubs
 *(.trampolines*)
                0x00000054                __trampolines_end = .
 *libprintf_flt.a:*(.progmem.data)
 *libc.a:*(.progmem.data)
 *(.progmem*)
                0x00000054                . = ALIGN (0x2)
 *(.jumptables)
 *(.jumptables*)
 *(.lowtext)
 *(.lowtext*)
                0x00000054                __ctors_start = .
 *(.ctors)
                0x00000054                __ctors_end = .
                0x00000054                __dtors_start = .
 *(.dtors)
                0x00000054                __dtors_end = .
 SORT(*)(.ctors)
 SORT(*)(.dtors)
 *(.init0)
 .init0         0x00000054        0x0 C:/Program Files (x86)/Atmel/Studio/7.0/Packs/atmel/ATmega_DFP/1.6.364/gcc/dev/atmega32/avr5/crtatmega32.o
                0x00000054                __init
 *(.init0)
 *(.init1)
 *(.init1)
 *(.init2)
 .init2         0x00000054        0xc C:/Program Files (x86)/Atmel/Studio/7.0/Packs/atmel/ATmega_DFP/1.6.364/gcc/dev/atmega32/avr5/crtatmega32.o
 *(.init2)
 *(.init3)
 *(.init3)
 *(.init4)
 .init4         0x00000060       0x10 c:/program files (x86)/atmel/studio/7.0/toolchain/avr8/avr8-gnu-toolchain/bin/../lib/gcc/avr/5.4.0/avr5\libgcc.a(_clear_bss.o)
                0x00000060                __do_clear_bss
 *(.init4)
 *(.init5)
 *(.init5)
 *(.init6)
 *(.init6)
 *(.init7)
 *(.init7)
 *(.init8)
 *(.init8)
 *(.init9)
 .init9         0x00000070        0x8 C:/Program Files (x86)/Atmel/Studio/7.0/Packs/atmel/ATmega_DFP/1.6.364/gcc/dev/atmega32/avr5/crtatmega32.o
 *(.init9)
 *(.text)
 .text          0x00000078        0x4 C:/Program Files (x86)/Atmel/Studio/7.0/Packs/atmel/ATmega_DFP/1.6.364/gcc/dev/atmega32/avr5/crtatmega32.o
                0x00000078                __vector_12
                0x00000078                __bad_interrupt
                0x00000078                __vector_6
                0x00000078                __vector_3
                0x00000078                __vector_11
                0x00000078                __vector_13
                0x00000078                __vector_17
                0x00000078                __vector_19
                0x00000078                __vector_7
                0x00000078                __vector_5
                0x00000078                __vector_4
                0x00000078                __vector_9
                0x00000078                __vector_2
                0x00000078                __vector_15
                0x00000078                __vector_8
                0x00000078                __vector_14
                0x00000078                __vector_10
                0x00000078                __vector_16
                0x00000078                __vector_18
                0x00000078                __vector_20
                0x0000007c                . = ALIGN (0x2)
 *(.text.*)
 .text.APP_INIT
                0x0000007c       0x2e APP/APP.o
                0x0000007c                APP_INIT
 .text.NORMAL_MODE
                0x000000aa       0x8c APP/APP.o
                0x000000aa                NORMAL_MODE
 .text.APP_START
                0x00000136        0x6 APP/APP.o
                0x00000136                APP_START
 .text.PEDESTRIAN_MODE
                0x0000013c       0xbc APP/APP.o
                0x0000013c                PEDESTRIAN_MODE
 .text.__vector_1
                0x000001f8       0x60 APP/APP.o
                0x000001f8                __vector_1
 .text.LED_INIT
                0x00000258       0x58 ECUAL/LED/LED.o
                0x00000258                LED_INIT
 .text.LED_ON   0x000002b0       0x58 ECUAL/LED/LED.o
                0x000002b0                LED_ON
 .text.LED_OFF  0x00000308       0x58 ECUAL/LED/LED.o
                0x00000308                LED_OFF
 .text.LED_TOGGLE
                0x00000360       0x4c ECUAL/LED/LED.o
                0x00000360                LED_TOGGLE
 .text.LED_INIT_ALL
                0x000003ac       0x26 ECUAL/LED/LED.o
                0x000003ac                LED_INIT_ALL
 .text.LED_OFF_ALL
                0x000003d2       0x26 ECUAL/LED/LED.o
                0x000003d2                LED_OFF_ALL
 .text.PUSH_BUTTON_INIT
                0x000003f8       0x1e ECUAL/PUSH_BUTTON/PUSH_BUTTON.o
                0x000003f8                PUSH_BUTTON_INIT
 .text.main     0x00000416        0xe main.o
                0x00000416                main
 .text.PIN_MODE
                0x00000424      0x1de MCAL/DIO/DIO.o
                0x00000424                PIN_MODE
 .text.PIN_WRITE
                0x00000602      0x1de MCAL/DIO/DIO.o
                0x00000602                PIN_WRITE
 .text.PIN_TOGGLE
                0x000007e0       0xec MCAL/DIO/DIO.o
                0x000007e0                PIN_TOGGLE
 .text.EXT_INT_0_INIT_RISING_EDGE
                0x000008cc        0xe MCAL/EXT_INTERRUPT/EXT_INTERRUPT.o
                0x000008cc                EXT_INT_0_INIT_RISING_EDGE
 .text.TIMER_0_INIT
                0x000008da        0xe MCAL/TIMER/TIMER.o
                0x000008da                TIMER_0_INIT
 .text.TIMER_0_START
                0x000008e8       0x14 MCAL/TIMER/TIMER.o
                0x000008e8                TIMER_0_START
 .text.TIMER_0_STOP
                0x000008fc       0x14 MCAL/TIMER/TIMER.o
                0x000008fc                TIMER_0_STOP
 .text.TIMER_0_5s_DELAY
                0x00000910       0x2a MCAL/TIMER/TIMER.o
                0x00000910                TIMER_0_5s_DELAY
 .text.TIMER_0_1s_DELAY
                0x0000093a       0x2a MCAL/TIMER/TIMER.o
                0x0000093a                TIMER_0_1s_DELAY
 .text.TIMER_2_INIT
                0x00000964        0xe MCAL/TIMER/TIMER.o
                0x00000964                TIMER_2_INIT
 .text.TIMER_2_START
                0x00000972       0x14 MCAL/TIMER/TIMER.o
                0x00000972                TIMER_2_START
 .text.TIMER_2_STOP
                0x00000986       0x14 MCAL/TIMER/TIMER.o
                0x00000986                TIMER_2_STOP
 .text.TIMER_2_5s_DELAY
                0x0000099a       0x2a MCAL/TIMER/TIMER.o
                0x0000099a                TIMER_2_5s_DELAY
 .text.TIMER_2_1s_DELAY
                0x000009c4       0x2a MCAL/TIMER/TIMER.o
                0x000009c4                TIMER_2_1s_DELAY
                0x000009ee                . = ALIGN (0x2)
 *(.fini9)
 .fini9         0x000009ee        0x0 c:/program files (x86)/atmel/studio/7.0/toolchain/avr8/avr8-gnu-toolchain/bin/../lib/gcc/avr/5.4.0/avr5\libgcc.a(_exit.o)
                0x000009ee                _exit
                0x000009ee                exit
 *(.fini9)
 *(.fini8)
 *(.fini8)
 *(.fini7)
 *(.fini7)
 *(.fini6)
 *(.fini6)
 *(.fini5)
 *(.fini5)
 *(.fini4)
 *(.fini4)
 *(.fini3)
 *(.fini3)
 *(.fini2)
 *(.fini2)
 *(.fini1)
 *(.fini1)
 *(.fini0)
 .fini0         0x000009ee        0x4 c:/program files (x86)/atmel/studio/7.0/toolchain/avr8/avr8-gnu-toolchain/bin/../lib/gcc/avr/5.4.0/avr5\libgcc.a(_exit.o)
 *(.fini0)
                0x000009f2                _etext = .

.data           0x00800060        0x0 load address 0x000009f2
                [!provide]                PROVIDE (__data_start, .)
 *(.data)
 *(.data*)
 *(.gnu.linkonce.d*)
 *(.rodata)
 *(.rodata*)
 *(.gnu.linkonce.r*)
                0x00800060                . = ALIGN (0x2)
                0x00800060                _edata = .
                [!provide]                PROVIDE (__data_end, .)

.bss            0x00800060        0x2
                0x00800060                PROVIDE (__bss_start, .)
 *(.bss)
 *(.bss*)
 .bss.Traffic_Flag
                0x00800060        0x1 APP/APP.o
                0x00800060                Traffic_Flag
 *(COMMON)
 COMMON         0x00800061        0x1 APP/APP.o
                0x00800061                Normal_State
                0x00800062                PROVIDE (__bss_end, .)
                0x000009f2                __data_load_start = LOADADDR (.data)
                0x000009f2                __data_load_end = (__data_load_start + SIZEOF (.data))

.noinit         0x00800062        0x0
                [!provide]                PROVIDE (__noinit_start, .)
 *(.noinit*)
                [!provide]                PROVIDE (__noinit_end, .)
                0x00800062                _end = .
                [!provide]                PROVIDE (__heap_start, .)

.eeprom         0x00810000        0x0
 *(.eeprom*)
                0x00810000                __eeprom_end = .

.fuse
 *(.fuse)
 *(.lfuse)
 *(.hfuse)
 *(.efuse)

.lock
 *(.lock*)

.signature
 *(.signature*)

.user_signatures
 *(.user_signatures*)

.stab
 *(.stab)

.stabstr
 *(.stabstr)

.stab.excl
 *(.stab.excl)

.stab.exclstr
 *(.stab.exclstr)

.stab.index
 *(.stab.index)

.stab.indexstr
 *(.stab.indexstr)

.comment        0x00000000       0x30
 *(.comment)
 .comment       0x00000000       0x30 APP/APP.o
                                 0x31 (size before relaxing)
 .comment       0x00000030       0x31 ECUAL/LED/LED.o
 .comment       0x00000030       0x31 ECUAL/PUSH_BUTTON/PUSH_BUTTON.o
 .comment       0x00000030       0x31 main.o
 .comment       0x00000030       0x31 MCAL/DIO/DIO.o
 .comment       0x00000030       0x31 MCAL/EXT_INTERRUPT/EXT_INTERRUPT.o
 .comment       0x00000030       0x31 MCAL/TIMER/TIMER.o

.note.gnu.avr.deviceinfo
                0x00000000       0x3c
 .note.gnu.avr.deviceinfo
                0x00000000       0x3c C:/Program Files (x86)/Atmel/Studio/7.0/Packs/atmel/ATmega_DFP/1.6.364/gcc/dev/atmega32/avr5/crtatmega32.o

.note.gnu.build-id
 *(.note.gnu.build-id)

.debug
 *(.debug)

.line
 *(.line)

.debug_srcinfo
 *(.debug_srcinfo)

.debug_sfnames
 *(.debug_sfnames)

.debug_aranges  0x00000000      0x198
 *(.debug_aranges)
 .debug_aranges
                0x00000000       0x40 APP/APP.o
 .debug_aranges
                0x00000040       0x48 ECUAL/LED/LED.o
 .debug_aranges
                0x00000088       0x28 ECUAL/PUSH_BUTTON/PUSH_BUTTON.o
 .debug_aranges
                0x000000b0       0x20 main.o
 .debug_aranges
                0x000000d0       0x38 MCAL/DIO/DIO.o
 .debug_aranges
                0x00000108       0x20 MCAL/EXT_INTERRUPT/EXT_INTERRUPT.o
 .debug_aranges
                0x00000128       0x70 MCAL/TIMER/TIMER.o

.debug_pubnames
 *(.debug_pubnames)

.debug_info     0x00000000     0x12c3
 *(.debug_info .gnu.linkonce.wi.*)
 .debug_info    0x00000000      0x4e6 C:/Program Files (x86)/Atmel/Studio/7.0/Packs/atmel/ATmega_DFP/1.6.364/gcc/dev/atmega32/avr5/crtatmega32.o
 .debug_info    0x000004e6      0x4ba APP/APP.o
 .debug_info    0x000009a0      0x43b ECUAL/LED/LED.o
 .debug_info    0x00000ddb      0x10b ECUAL/PUSH_BUTTON/PUSH_BUTTON.o
 .debug_info    0x00000ee6       0x7c main.o
 .debug_info    0x00000f62      0x14d MCAL/DIO/DIO.o
 .debug_info    0x000010af       0x52 MCAL/EXT_INTERRUPT/EXT_INTERRUPT.o
 .debug_info    0x00001101      0x1c2 MCAL/TIMER/TIMER.o

.debug_abbrev   0x00000000      0x8c2
 *(.debug_abbrev)
 .debug_abbrev  0x00000000      0x4a3 C:/Program Files (x86)/Atmel/Studio/7.0/Packs/atmel/ATmega_DFP/1.6.364/gcc/dev/atmega32/avr5/crtatmega32.o
 .debug_abbrev  0x000004a3      0x119 APP/APP.o
 .debug_abbrev  0x000005bc       0x8d ECUAL/LED/LED.o
 .debug_abbrev  0x00000649       0xb8 ECUAL/PUSH_BUTTON/PUSH_BUTTON.o
 .debug_abbrev  0x00000701       0x5a main.o
 .debug_abbrev  0x0000075b       0x8f MCAL/DIO/DIO.o
 .debug_abbrev  0x000007ea       0x46 MCAL/EXT_INTERRUPT/EXT_INTERRUPT.o
 .debug_abbrev  0x00000830       0x92 MCAL/TIMER/TIMER.o

.debug_line     0x00000000      0xda5
 *(.debug_line .debug_line.* .debug_line_end)
 .debug_line    0x00000000      0x116 C:/Program Files (x86)/Atmel/Studio/7.0/Packs/atmel/ATmega_DFP/1.6.364/gcc/dev/atmega32/avr5/crtatmega32.o
 .debug_line    0x00000116      0x33b APP/APP.o
 .debug_line    0x00000451      0x24d ECUAL/LED/LED.o
 .debug_line    0x0000069e      0x103 ECUAL/PUSH_BUTTON/PUSH_BUTTON.o
 .debug_line    0x000007a1       0x5d main.o
 .debug_line    0x000007fe      0x28f MCAL/DIO/DIO.o
 .debug_line    0x00000a8d       0x94 MCAL/EXT_INTERRUPT/EXT_INTERRUPT.o
 .debug_line    0x00000b21      0x284 MCAL/TIMER/TIMER.o

.debug_frame    0x00000000      0x2c4
 *(.debug_frame)
 .debug_frame   0x00000000       0xbc APP/APP.o
 .debug_frame   0x000000bc       0x74 ECUAL/LED/LED.o
 .debug_frame   0x00000130       0x34 ECUAL/PUSH_BUTTON/PUSH_BUTTON.o
 .debug_frame   0x00000164       0x24 main.o
 .debug_frame   0x00000188       0x54 MCAL/DIO/DIO.o
 .debug_frame   0x000001dc       0x24 MCAL/EXT_INTERRUPT/EXT_INTERRUPT.o
 .debug_frame   0x00000200       0xc4 MCAL/TIMER/TIMER.o

.debug_str      0x00000000      0x556
 *(.debug_str)
 .debug_str     0x00000000      0x196 C:/Program Files (x86)/Atmel/Studio/7.0/Packs/atmel/ATmega_DFP/1.6.364/gcc/dev/atmega32/avr5/crtatmega32.o
 .debug_str     0x00000196      0x272 APP/APP.o
 .debug_str     0x00000408       0x3a ECUAL/LED/LED.o
                                0x1b1 (size before relaxing)
 .debug_str     0x00000442       0x4a ECUAL/PUSH_BUTTON/PUSH_BUTTON.o
                                0x1a8 (size before relaxing)
 .debug_str     0x0000048c       0x11 main.o
                                0x152 (size before relaxing)
 .debug_str     0x0000049d       0x23 MCAL/DIO/DIO.o
                                0x194 (size before relaxing)
 .debug_str     0x000004c0       0x26 MCAL/EXT_INTERRUPT/EXT_INTERRUPT.o
                                0x185 (size before relaxing)
 .debug_str     0x000004e6       0x70 MCAL/TIMER/TIMER.o
                                0x212 (size before relaxing)

.debug_loc      0x00000000     0x11c5
 *(.debug_loc)
 .debug_loc     0x00000000      0x183 APP/APP.o
 .debug_loc     0x00000183      0x278 ECUAL/LED/LED.o
 .debug_loc     0x000003fb       0xda ECUAL/PUSH_BUTTON/PUSH_BUTTON.o
 .debug_loc     0x000004d5      0xc74 MCAL/DIO/DIO.o
 .debug_loc     0x00001149       0x7c MCAL/TIMER/TIMER.o

.debug_macinfo
 *(.debug_macinfo)

.debug_weaknames
 *(.debug_weaknames)

.debug_funcnames
 *(.debug_funcnames)

.debug_typenames
 *(.debug_typenames)

.debug_varnames
 *(.debug_varnames)

.debug_pubtypes
 *(.debug_pubtypes)

.debug_ranges   0x00000000      0x128
 *(.debug_ranges)
 .debug_ranges  0x00000000       0x30 APP/APP.o
 .debug_ranges  0x00000030       0x38 ECUAL/LED/LED.o
 .debug_ranges  0x00000068       0x18 ECUAL/PUSH_BUTTON/PUSH_BUTTON.o
 .debug_ranges  0x00000080       0x10 main.o
 .debug_ranges  0x00000090       0x28 MCAL/DIO/DIO.o
 .debug_ranges  0x000000b8       0x10 MCAL/EXT_INTERRUPT/EXT_INTERRUPT.o
 .debug_ranges  0x000000c8       0x60 MCAL/TIMER/TIMER.o

.debug_macro
 *(.debug_macro)
OUTPUT(On-demand traffic light control.elf elf32-avr)
LOAD linker stubs
